[dxsale.app/app/index.html]
[backblue.gif]
[fade.gif]
[index.html]
[dxsale.app/favicons/apple-icon-57x57.html]
[dxsale.app/favicons/apple-icon-60x60.html]
[dxsale.app/favicons/apple-icon-72x72.html]
[dxsale.app/favicons/apple-icon-76x76.html]
[dxsale.app/favicons/apple-icon-114x114.html]
[dxsale.app/favicons/apple-icon-120x120.html]
[dxsale.app/favicons/apple-icon-144x144.html]
[dxsale.app/favicons/apple-icon-152x152.html]
[dxsale.app/favicons/apple-icon-180x180.html]
[dxsale.app/favicons/android-icon-192x192.html]
[dxsale.app/favicons/favicon-32x32.html]
[dxsale.app/favicons/favicon-96x96.html]
[dxsale.app/favicons/favicon-16x16.html]
[dxsale.app/favicons/ms-icon-144x144.html]
[code.ionicframework.com/ionicons/2.0.1/css/ionicons.min.css]
[dxsale.app/logo.html]
[dxsale.app/icon_180x180.2c44fa86430850326ccca3ea10ee9de7.png]
[dxsale.app/icon_167x167.8b4768eee2ee3a5fc90a2b70e83994be.png]
[dxsale.app/icon_152x152.d43311fc71244750a9a04c134d066921.png]
[dxsale.app/icon_120x120.5e0f4cdd280da4415f39795c44d9263b.png]
[dxsale.app/images/spinner.gif]
[dxsale.app/runtime_main.cdd489a84b54b9f97856.js]
[dxsale.app/app/index.html]
[dxsale.app/main.d43801394b10c7abd0a0.chunk.js]
[dxsale.app/vendor.e9ec85589391259d64f6.chunk.js]
[dxsale.app/favicons/logo.svg]
[dxsale.app/favicons/apple-icon-57x57.html]
[dxsale.app/favicons/apple-icon-60x60.html]
[dxsale.app/favicons/apple-icon-72x72.html]
[dxsale.app/favicons/apple-icon-76x76.html]
[dxsale.app/favicons/apple-icon-114x114.html]
[dxsale.app/favicons/apple-icon-120x120.html]
[dxsale.app/favicons/apple-icon-144x144.html]
[dxsale.app/favicons/apple-icon-152x152.html]
[dxsale.app/favicons/apple-icon-180x180.html]
[dxsale.app/favicons/android-icon-192x192.html]
[dxsale.app/favicons/favicon-32x32.html]
[dxsale.app/favicons/favicon-96x96.html]
[dxsale.app/favicons/favicon-16x16.html]
[dxsale.app/favicons/ms-icon-144x144.html]
[code.ionicframework.com/ionicons/2.0.1/css/ionicons.min.css]
[dxsale.app/favicons/manifest.html]
[dxsale.app/logo.html]
[dxsale.app/favicons/logo.svg]
[dxsale.app/favicons/manifest.html]
[dxsale.app/manifest.7b086687091e5b345cc39a5bbb25515f.json]
